------------------------------------------------------------
TimeQuest Timing Analyzer Summary
------------------------------------------------------------

Type  : Slow Model Setup 'g|gen|pll|altpll_component|pll|clk[0]'
Slack : -12.335
TNS   : -36.602

Type  : Slow Model Setup 'game:g|generate_clk:gen|refresh'
Slack : -12.033
TNS   : -34008.918

Type  : Slow Model Setup 'CLOCK_50'
Slack : 2.819
TNS   : 0.000

Type  : Slow Model Hold 'CLOCK_50'
Slack : -2.549
TNS   : -2.549

Type  : Slow Model Hold 'game:g|generate_clk:gen|refresh'
Slack : -0.472
TNS   : -0.502

Type  : Slow Model Hold 'g|gen|pll|altpll_component|pll|clk[0]'
Slack : 0.798
TNS   : 0.000

Type  : Slow Model Minimum Pulse Width 'game:g|generate_clk:gen|refresh'
Slack : -0.500
TNS   : -3987.000

Type  : Slow Model Minimum Pulse Width 'CLOCK_50'
Slack : 9.000
TNS   : 0.000

Type  : Slow Model Minimum Pulse Width 'g|gen|pll|altpll_component|pll|clk[0]'
Slack : 19.000
TNS   : 0.000

Type  : Fast Model Setup 'g|gen|pll|altpll_component|pll|clk[0]'
Slack : -5.343
TNS   : -15.860

Type  : Fast Model Setup 'game:g|generate_clk:gen|refresh'
Slack : -4.861
TNS   : -13821.434

Type  : Fast Model Setup 'CLOCK_50'
Slack : 1.972
TNS   : 0.000

Type  : Fast Model Hold 'CLOCK_50'
Slack : -1.592
TNS   : -1.592

Type  : Fast Model Hold 'game:g|generate_clk:gen|refresh'
Slack : -0.673
TNS   : -1.425

Type  : Fast Model Hold 'g|gen|pll|altpll_component|pll|clk[0]'
Slack : 0.358
TNS   : 0.000

Type  : Fast Model Minimum Pulse Width 'game:g|generate_clk:gen|refresh'
Slack : -0.500
TNS   : -3987.000

Type  : Fast Model Minimum Pulse Width 'CLOCK_50'
Slack : 9.000
TNS   : 0.000

Type  : Fast Model Minimum Pulse Width 'g|gen|pll|altpll_component|pll|clk[0]'
Slack : 19.000
TNS   : 0.000

------------------------------------------------------------
